// Jest Snapshot v1, https://goo.gl/fbAQLP

exports[`validate when all owners are valid output the result of all validation checks: stderr 1`] = `
"Found duplicate rules [ [32m'duplicate-rule.js @some-owner'[39m ]
Found rules which did not match any files [ [32m'file-does-not-exist.md @some-owner'[39m ]
"
`;

exports[`validate when all owners are valid output the result of all validation checks: stdout 1`] = `""`;
